###############################################################################
#
# IAR ELF Linker V2.20.1.176 for STM8                     16/Mar/2018  16:34:23
# Copyright 2010-2015 IAR Systems AB.
#
#    Output file  =  C:\Users\DVRD01\Desktop\RTC_FW\Release\RTC_FW.out
#    Map file     =  C:\Users\DVRD01\Desktop\RTC_FW\IDE\Release\List\RTC_FW.map
#    Command line =  
#        C:\Users\DVRD01\Desktop\RTC_FW\IDE\Release\Obj\display.o
#        C:\Users\DVRD01\Desktop\RTC_FW\IDE\Release\Obj\DS1307.o
#        C:\Users\DVRD01\Desktop\RTC_FW\IDE\Release\Obj\key.o
#        C:\Users\DVRD01\Desktop\RTC_FW\IDE\Release\Obj\main.o
#        C:\Users\DVRD01\Desktop\RTC_FW\IDE\Release\Obj\stm8s_clk.o
#        C:\Users\DVRD01\Desktop\RTC_FW\IDE\Release\Obj\stm8s_delay.o
#        C:\Users\DVRD01\Desktop\RTC_FW\IDE\Release\Obj\stm8s_exti.o
#        C:\Users\DVRD01\Desktop\RTC_FW\IDE\Release\Obj\stm8s_gpio.o
#        C:\Users\DVRD01\Desktop\RTC_FW\IDE\Release\Obj\stm8s_it.o
#        C:\Users\DVRD01\Desktop\RTC_FW\IDE\Release\Obj\stm8s_itc.o
#        C:\Users\DVRD01\Desktop\RTC_FW\IDE\Release\Obj\stm8s_iwdg.o
#        C:\Users\DVRD01\Desktop\RTC_FW\IDE\Release\Obj\stm8s_tim1.o
#        C:\Users\DVRD01\Desktop\RTC_FW\IDE\Release\Obj\stm8s_tim4.o
#        C:\Users\DVRD01\Desktop\RTC_FW\IDE\Release\Obj\SW_I2C.o
#        C:\Users\DVRD01\Desktop\RTC_FW\IDE\Release\Obj\system.o
#        C:\Users\DVRD01\Desktop\RTC_FW\IDE\Release\Obj\timerTick.o --redirect
#        _Printf=_PrintfSmall --redirect _Scanf=_ScanfSmall -o
#        C:\Users\DVRD01\Desktop\RTC_FW\Release\RTC_FW.out --map
#        C:\Users\DVRD01\Desktop\RTC_FW\IDE\Release\List\RTC_FW.map --config
#        "C:\Program Files (x86)\IAR Systems\Embedded Workbench
#        7.3\stm8\config\lnkstm8s003f3.icf" --config_def _CSTACK_SIZE=0x100
#        --config_def _HEAP_SIZE=0x100 --entry __iar_program_start
#
###############################################################################

*******************************************************************************
*** RUNTIME MODEL ATTRIBUTES
***

__SystemLibrary            = DLib
__code_model               = small
__core                     = stm8
__data_model               = medium
__dlib_file_descriptor     = 0
__dlib_full_locale_support = 0
__rt_version               = 4


*******************************************************************************
*** PLACEMENT SUMMARY
***

"A1":  place at start of [0x000000-0x0000ff] { rw section .vregs };
"A2":  place at end of [0x000000-0x0003ff] { block CSTACK };
"P2":  place in [from 0x000000 to 0x0003ff] {
          block HEAP, rw section __DLIB_PERTHREAD, rw section .far.bss,
          rw section .far.data, rw section .far.noinit,
          rw section .far_func.textrw, rw section .huge.bss,
          rw section .huge.data, rw section .huge.noinit,
          rw section .huge_func.textrw, rw section .iar.dynexit,
          rw section .near.bss, rw section .near.data, rw section .near.noinit,
          rw section .near_func.textrw };
"A3":  place at start of [0x008000-0x009fff] { block INTVEC };
"P3":  place in [from 0x008000 to 0x009fff] {
          ro section __DLIB_PERTHREAD_init, ro section .far.data_init,
          ro section .far_func.textrw_init, ro section .huge.data_init,
          ro section .huge_func.textrw_init, ro section .iar.init_table,
          ro section .init_array, ro section .near.data_init,
          ro section .near.rodata, ro section .near_func.text,
          ro section .near_func.textrw_init, ro section .tiny.data_init,
          ro section .tiny.rodata_init };

  Section            Kind      Address    Size  Object
  -------            ----      -------    ----  ------
"A1":                                     0x10
  .vregs             uninit   0x000000    0x10  vregs.o [4]
                            - 0x000010    0x10

"P2", part 1 of 2:                         0x2
  P2-1                        0x000010     0x2  <Init block>
    .near.data       inited   0x000010     0x1  display.o [1]
    .near.data       inited   0x000011     0x1  display.o [1]
                            - 0x000012     0x2

"P2", part 2 of 2:                        0x58
  .near.bss          zero     0x000012    0x16  key.o [1]
  .near.bss          zero     0x000028    0x13  display.o [1]
  .near.bss          zero     0x00003b    0x13  system.o [1]
  .near.bss          zero     0x00004e     0x7  main.o [1]
  .near.bss          zero     0x000055     0x7  system.o [1]
  .near.bss          zero     0x00005c     0x6  main.o [1]
  .near.bss          zero     0x000062     0x4  timerTick.o [1]
  .near.bss          zero     0x000066     0x2  display.o [1]
  .near.bss          zero     0x000068     0x1  system.o [1]
  .near.bss          zero     0x000069     0x1  timerTick.o [1]
                            - 0x00006a    0x58

"A2":                                    0x100
  CSTACK                      0x000300   0x100  <Block>
    CSTACK           uninit   0x000300   0x100  <Block tail>
                            - 0x000400   0x100

"A3":                                     0x80
  INTVEC                      0x008000    0x80  <Block>
    .intvec          const    0x008000    0x80  interrupt.o [4]
                            - 0x008080    0x80

"P3":                                   0x193e
  .near_func.text    ro code  0x008080   0x274  display.o [1]
  .near_func.text    ro code  0x0082f4   0x1fa  system.o [1]
  .near_func.text    ro code  0x0084ee   0x115  stm8s_itc.o [1]
  .near_func.text    ro code  0x008603    0xf1  DS1307.o [1]
  .near_func.text    ro code  0x0086f4    0xe3  stm8s_clk.o [1]
  .near_func.text    ro code  0x0087d7    0xde  vreg_util.o [4]
  .near_func.text    ro code  0x0088b5    0xc2  stm8s_tim1.o [1]
  .near_func.text    ro code  0x008977    0xb4  DS1307.o [1]
  .near_func.text    ro code  0x008a2b    0xb3  stm8s_gpio.o [1]
  .near_func.text    ro code  0x008ade    0x8f  stm8s_tim1.o [1]
  .near_func.text    ro code  0x008b6d    0x8a  stm8s_clk.o [1]
  .near_func.text    ro code  0x008bf7    0x89  stm8s_clk.o [1]
  .near_func.text    ro code  0x008c80    0x81  main.o [1]
  .near_func.text    ro code  0x008d01    0x6d  DS1307.o [1]
  .near_func.text    ro code  0x008d6e    0x68  main.o [1]
  .near_func.text    ro code  0x008dd6    0x66  key.o [1]
  .near_func.text    ro code  0x008e3c    0x62  long.o [4]
  .near_func.text    ro code  0x008e9e    0x57  stm8s_clk.o [1]
  .near_func.text    ro code  0x008ef5    0x53  SW_I2C.o [1]
  .near.rodata       const    0x008f48    0x51  stm8s_gpio.o [1]
  .near.rodata       const    0x008f99    0x51  stm8s_tim1.o [1]
  .near.rodata       const    0x008fea    0x51  stm8s_tim4.o [1]
  .near.rodata       const    0x00903b    0x50  stm8s_clk.o [1]
  .near.rodata       const    0x00908b    0x50  stm8s_itc.o [1]
  .near_func.text    ro code  0x0090db    0x4f  system.o [1]
  .near_func.text    ro code  0x00912a    0x49  stm8s_tim1.o [1]
  .near_func.text    ro code  0x009173    0x47  timerTick.o [1]
  .near_func.text    ro code  0x0091ba    0x3e  key.o [1]
  .near_func.text    ro code  0x0091f8    0x3b  display.o [1]
  .near_func.text    ro code  0x009233    0x3a  stm8s_tim4.o [1]
  .near_func.text    ro code  0x00926d    0x39  key.o [1]
  .near_func.text    ro code  0x0092a6    0x36  stm8s_clk.o [1]
  .near_func.text    ro code  0x0092dc    0x34  stm8s_tim4.o [1]
  .near_func.text    ro code  0x009310    0x34  timerTick.o [1]
  .near_func.text    ro code  0x009344    0x33  stm8s_tim1.o [1]
  .near_func.text    ro code  0x009377    0x2f  SW_I2C.o [1]
  .near_func.text    ro code  0x0093a6    0x2a  system.o [1]
  .near_func.text    ro code  0x0093d0    0x28  init_small.o [4]
  .near_func.text    ro code  0x0093f8    0x26  stm8s_clk.o [1]
  .near_func.text    ro code  0x00941e    0x26  long_util.o [4]
  .near_func.text    ro code  0x009444    0x22  timerTick.o [1]
  .near_func.text    ro code  0x009466    0x21  system.o [1]
  .iar.init_table    const    0x009487    0x12  - Linker created -
  .near_func.text    ro code  0x009499    0x1f  stm8s_tim1.o [1]
  .near_func.text    ro code  0x0094b8    0x1f  SW_I2C.o [1]
  .near_func.text    ro code  0x0094d7    0x1e  DS1307.o [1]
  .near_func.text    ro code  0x0094f5    0x1e  init_small.o [4]
  .near_func.text    ro code  0x009513    0x1c  stm8s_it.o [1]
  .near_func.text    ro code  0x00952f    0x1c  stm8s_it.o [1]
  .near_func.text    ro code  0x00954b    0x1a  DS1307.o [1]
  .near_func.text    ro code  0x009565    0x19  stm8s_tim4.o [1]
  .near_func.text    ro code  0x00957e    0x19  stm8s_tim4.o [1]
  .near_func.text    ro code  0x009597    0x19  stm8s_tim4.o [1]
  .near_func.text    ro code  0x0095b0    0x18  stm8s_it.o [1]
  .near_func.text    ro code  0x0095c8    0x18  stm8s_tim1.o [1]
  .near_func.text    ro code  0x0095e0    0x17  memset.o [4]
  .near_func.text    ro code  0x0095f7    0x17  init.o [4]
  .near_func.text    ro code  0x00960e    0x16  stm8s_clk.o [1]
  .near_func.text    ro code  0x009624    0x16  stm8s_clk.o [1]
  .near_func.text    ro code  0x00963a    0x16  stm8s_clk.o [1]
  .near_func.text    ro code  0x009650    0x16  stm8s_clk.o [1]
  .near_func.text    ro code  0x009666    0x16  stm8s_tim1.o [1]
  .near_func.text    ro code  0x00967c    0x16  stm8s_tim1.o [1]
  .near_func.text    ro code  0x009692    0x16  stm8s_tim4.o [1]
  .near_func.text    ro code  0x0096a8    0x15  stm8s_tim1.o [1]
  .near_func.text    ro code  0x0096bd    0x14  DS1307.o [1]
  .near_func.text    ro code  0x0096d1    0x13  cstartup.o [4]
  .near_func.text    ro code  0x0096e4    0x12  DS1307.o [1]
  .near_func.text    ro code  0x0096f6    0x12  SW_I2C.o [1]
  .near_func.text    ro code  0x009708    0x11  DS1307.o [1]
  .near_func.text    ro code  0x009719     0xf  DS1307.o [1]
  .near_func.text    ro code  0x009728     0xf  stm8s_itc.o [1]
  .near_func.text    ro code  0x009737     0xc  SW_I2C.o [1]
  .near_func.text    ro code  0x009743     0xc  SW_I2C.o [1]
  .near_func.text    ro code  0x00974f     0xc  SW_I2C.o [1]
  .near_func.text    ro code  0x00975b     0xc  timerTick.o [1]
  .near_func.text    ro code  0x009767     0xb  key.o [1]
  .near_func.text    ro code  0x009772     0xb  stm8s_clk.o [1]
  .near_func.text    ro code  0x00977d     0xb  stm8s_clk.o [1]
  .near_func.text    ro code  0x009788     0xb  stm8s_gpio.o [1]
  .near_func.text    ro code  0x009793     0xb  stm8s_gpio.o [1]
  .near_func.text    ro code  0x00979e     0xb  stm8s_itc.o [1]
  .near_func.text    ro code  0x0097a9     0xb  stm8s_tim1.o [1]
  .near_func.text    ro code  0x0097b4     0xb  stm8s_tim1.o [1]
  .near_func.text    ro code  0x0097bf     0xb  stm8s_tim4.o [1]
  .near_func.text    ro code  0x0097ca     0xb  SW_I2C.o [1]
  .near_func.text    ro code  0x0097d5     0xb  SW_I2C.o [1]
  .near_func.text    ro code  0x0097e0     0xb  system.o [1]
  .near.rodata       const    0x0097eb     0xa  display.o [1]
  .near_func.text    ro code  0x0097f5     0xa  SW_I2C.o [1]
  .near_func.text    ro code  0x0097ff     0xa  system.o [1]
  .near_func.text    ro code  0x009809     0xa  system.o [1]
  .near_func.text    ro code  0x009813     0xa  system.o [1]
  .near_func.text    ro code  0x00981d     0xa  char.o [4]
  .near_func.text    ro code  0x009827     0x9  DS1307.o [1]
  .near_func.text    ro code  0x009830     0x9  DS1307.o [1]
  .near_func.text    ro code  0x009839     0x9  DS1307.o [1]
  .near_func.text    ro code  0x009842     0x9  key.o [1]
  .near_func.text    ro code  0x00984b     0x9  key.o [1]
  .near_func.text    ro code  0x009854     0x9  stm8s_tim1.o [1]
  .near_func.text    ro code  0x00985d     0x9  stm8s_tim1.o [1]
  .near_func.text    ro code  0x009866     0x9  stm8s_tim1.o [1]
  .near_func.text    ro code  0x00986f     0x9  stm8s_tim1.o [1]
  .near_func.text    ro code  0x009878     0x9  stm8s_tim1.o [1]
  .near_func.text    ro code  0x009881     0x9  SW_I2C.o [1]
  .near_func.text    ro code  0x00988a     0x9  SW_I2C.o [1]
  .near_func.text    ro code  0x009893     0x9  system.o [1]
  .near_func.text    ro code  0x00989c     0x9  system.o [1]
  .near_func.text    ro code  0x0098a5     0x9  timerTick.o [1]
  .near_func.text    ro code  0x0098ae     0x8  DS1307.o [1]
  .near_func.text    ro code  0x0098b6     0x8  key.o [1]
  .near_func.text    ro code  0x0098be     0x8  SW_I2C.o [1]
  .near_func.text    ro code  0x0098c6     0x8  SW_I2C.o [1]
  .near_func.text    ro code  0x0098ce     0x8  SW_I2C.o [1]
  .near_func.text    ro code  0x0098d6     0x8  system.o [1]
  .near_func.text    ro code  0x0098de     0x8  system.o [1]
  .near_func.text    ro code  0x0098e6     0x8  short.o [4]
  .near_func.text    ro code  0x0098ee     0x7  DS1307.o [1]
  .near_func.text    ro code  0x0098f5     0x7  DS1307.o [1]
  .near_func.text    ro code  0x0098fc     0x7  key.o [1]
  .near_func.text    ro code  0x009903     0x7  key.o [1]
  .near_func.text    ro code  0x00990a     0x7  stm8s_gpio.o [1]
  .near_func.text    ro code  0x009911     0x7  stm8s_gpio.o [1]
  .near_func.text    ro code  0x009918     0x7  stm8s_it.o [1]
  .near_func.text    ro code  0x00991f     0x7  SW_I2C.o [1]
  .near_func.text    ro code  0x009926     0x7  system.o [1]
  .near_func.text    ro code  0x00992d     0x7  system.o [1]
  .near_func.text    ro code  0x009934     0x7  system.o [1]
  .near_func.text    ro code  0x00993b     0x7  system.o [1]
  .near_func.text    ro code  0x009942     0x6  DS1307.o [1]
  .near_func.text    ro code  0x009948     0x6  main.o [1]
  .near_func.text    ro code  0x00994e     0x6  stm8s_tim1.o [1]
  .near_func.text    ro code  0x009954     0x6  SW_I2C.o [1]
  .near_func.text    ro code  0x00995a     0x6  SW_I2C.o [1]
  .near_func.text    ro code  0x009960     0x6  SW_I2C.o [1]
  .near_func.text    ro code  0x009966     0x6  SW_I2C.o [1]
  .near_func.text    ro code  0x00996c     0x6  system.o [1]
  .near_func.text    ro code  0x009972     0x6  system.o [1]
  .near_func.text    ro code  0x009978     0x6  timerTick.o [1]
  .near_func.text    ro code  0x00997e     0x5  system.o [1]
  .near_func.text    ro code  0x009983     0x5  cexit.o [4]
  .near_func.text    ro code  0x009988     0x4  DS1307.o [1]
  .near_func.text    ro code  0x00998c     0x4  stm8s_gpio.o [1]
  .near_func.text    ro code  0x009990     0x4  SW_I2C.o [1]
  .near_func.text    ro code  0x009994     0x4  system.o [1]
  .near_func.text    ro code  0x009998     0x3  stm8s_itc.o [1]
  .near_func.text    ro code  0x00999b     0x3  interrupt.o [4]
  .near_func.text    ro code  0x00999e     0x3  low_level_init.o [4]
  .near_func.text    ro code  0x0099a1     0x3  exit.o [4]
  .near_func.text    ro code  0x0099a4     0x3  unhandled_exception.o [4]
  .near_func.text    ro code  0x0099a7     0x2  main.o [1]
  .near_func.text    ro code  0x0099a9     0x2  xxexit.o [3]
  Initializer bytes  const    0x0099ab     0x2  <for P2-1>
  .near_func.text    ro code  0x0099ad     0x1  stm8s_it.o [1]
  .near_func.text    ro code  0x0099ae     0x1  stm8s_it.o [1]
  .near_func.text    ro code  0x0099af     0x1  stm8s_it.o [1]
  .near_func.text    ro code  0x0099b0     0x1  stm8s_it.o [1]
  .near_func.text    ro code  0x0099b1     0x1  stm8s_it.o [1]
  .near_func.text    ro code  0x0099b2     0x1  stm8s_it.o [1]
  .near_func.text    ro code  0x0099b3     0x1  stm8s_it.o [1]
  .near_func.text    ro code  0x0099b4     0x1  stm8s_it.o [1]
  .near_func.text    ro code  0x0099b5     0x1  stm8s_it.o [1]
  .near_func.text    ro code  0x0099b6     0x1  stm8s_it.o [1]
  .near_func.text    ro code  0x0099b7     0x1  stm8s_it.o [1]
  .near_func.text    ro code  0x0099b8     0x1  stm8s_it.o [1]
  .near_func.text    ro code  0x0099b9     0x1  stm8s_it.o [1]
  .near_func.text    ro code  0x0099ba     0x1  stm8s_it.o [1]
  .near_func.text    ro code  0x0099bb     0x1  stm8s_it.o [1]
  .near_func.text    ro code  0x0099bc     0x1  stm8s_it.o [1]
  .near_func.text    ro code  0x0099bd     0x1  stm8s_it.o [1]
                            - 0x0099be  0x193e


*******************************************************************************
*** INIT TABLE
***

          Address   Size
          -------   ----
Zero (__iar_zero_init2)
    1 destination range, total size 0x58:
          0x000012  0x58

Copy (__iar_copy_init2)
    1 source range, total size 0x2:
          0x0099ab   0x2
    1 destination range, total size 0x2:
          0x000010   0x2



*******************************************************************************
*** MODULE SUMMARY
***

    Module                 ro code  ro data  rw data
    ------                 -------  -------  -------
C:\Users\DVRD01\Desktop\RTC_FW\IDE\Release\Obj: [1]
    DS1307.o                   715
    SW_I2C.o                   324
    display.o                  687       12       23
    key.o                      272                22
    main.o                     241                13
    stm8s_clk.o                791       80
    stm8s_gpio.o               219       81
    stm8s_it.o                 104
    stm8s_itc.o                306       80
    stm8s_tim1.o               654       81
    stm8s_tim4.o               218       81
    system.o                   784                27
    timerTick.o                184                 5
    ------------------------------------------------
    Total:                   5 499      415       90

command line: [2]
    ------------------------------------------------
    Total:

dbgstm8smn.a: [3]
    xxexit.o                     2
    ------------------------------------------------
    Total:                       2

dlstm8smn.a: [4]
    cexit.o                      5
    char.o                      10
    cstartup.o                  19
    exit.o                       3
    init.o                      23
    init_small.o                70
    interrupt.o                  3      128
    long.o                      98
    long_util.o                 38
    low_level_init.o             3
    memset.o                    23
    short.o                      8
    unhandled_exception.o        3
    vreg_util.o                222
    vregs.o                                       16
    ------------------------------------------------
    Total:                     528      128       16

    Linker created                       18      256
----------------------------------------------------
    Grand Total:             6 029      561      362


*******************************************************************************
*** ENTRY LIST
***

Entry                    Address   Size  Type      Object
-----                    -------   ----  ----      ------
.iar.init_table$$Base   0x009487          --   Gb  - Linker created -
.iar.init_table$$Limit  0x009499          --   Gb  - Linker created -
?b0                     0x000000         Data  Gb  vregs.o [4]
?b1                     0x000001         Data  Gb  vregs.o [4]
?b10                    0x00000a         Data  Gb  vregs.o [4]
?b11                    0x00000b         Data  Gb  vregs.o [4]
?b12                    0x00000c         Data  Gb  vregs.o [4]
?b13                    0x00000d         Data  Gb  vregs.o [4]
?b14                    0x00000e         Data  Gb  vregs.o [4]
?b15                    0x00000f         Data  Gb  vregs.o [4]
?b2                     0x000002         Data  Gb  vregs.o [4]
?b3                     0x000003         Data  Gb  vregs.o [4]
?b4                     0x000004         Data  Gb  vregs.o [4]
?b5                     0x000005         Data  Gb  vregs.o [4]
?b6                     0x000006         Data  Gb  vregs.o [4]
?b7                     0x000007         Data  Gb  vregs.o [4]
?b8                     0x000008         Data  Gb  vregs.o [4]
?b9                     0x000009         Data  Gb  vregs.o [4]
?dec32_0x_0x            0x008e54         Code  Gb  long.o [4]
?dec32_l0_l0            0x008e4f         Code  Gb  long.o [4]
?e0                     0x000001         Data  Gb  vregs.o [4]
?e1                     0x000005         Data  Gb  vregs.o [4]
?e2                     0x000009         Data  Gb  vregs.o [4]
?e3                     0x00000d         Data  Gb  vregs.o [4]
?epilogue_l2            0x008872         Code  Gb  vreg_util.o [4]
?epilogue_l2_l3         0x00886f         Code  Gb  vreg_util.o [4]
?epilogue_l2_w6         0x008876         Code  Gb  vreg_util.o [4]
?epilogue_w4            0x00887d         Code  Gb  vreg_util.o [4]
?inc32_0x_0x            0x008e41         Code  Gb  long.o [4]
?inc32_l0_l0            0x008e3c         Code  Gb  long.o [4]
?l0                     0x000000         Data  Gb  vregs.o [4]
?l1                     0x000004         Data  Gb  vregs.o [4]
?l2                     0x000008         Data  Gb  vregs.o [4]
?l3                     0x00000c         Data  Gb  vregs.o [4]
?load32_0x_l0           0x009436         Code  Gb  long_util.o [4]
?load32_l0_0x           0x00941e         Code  Gb  long_util.o [4]
?load32_l3_0x           0x00942a         Code  Gb  long_util.o [4]
?mov_e0_e3              0x008884         Code  Gb  vreg_util.o [4]
?mov_e1_e2              0x008891         Code  Gb  vreg_util.o [4]
?mov_e1_e3              0x00889e         Code  Gb  vreg_util.o [4]
?mov_e2_e0              0x0088ab         Code  Gb  vreg_util.o [4]
?mov_l0_l3              0x008881         Code  Gb  vreg_util.o [4]
?mov_l1_l2              0x00888e         Code  Gb  vreg_util.o [4]
?mov_l1_l3              0x00889b         Code  Gb  vreg_util.o [4]
?mov_l2_l0              0x0088a8         Code  Gb  vreg_util.o [4]
?mov_w1_w7              0x008887         Code  Gb  vreg_util.o [4]
?mov_w3_w5              0x008894         Code  Gb  vreg_util.o [4]
?mov_w3_w7              0x0088a1         Code  Gb  vreg_util.o [4]
?mov_w5_w1              0x0088ae         Code  Gb  vreg_util.o [4]
?pop_l0                 0x00883b         Code  Gb  vreg_util.o [4]
?pop_l1                 0x008846         Code  Gb  vreg_util.o [4]
?pop_l2                 0x008851         Code  Gb  vreg_util.o [4]
?pop_l3                 0x00885c         Code  Gb  vreg_util.o [4]
?pop_w4                 0x0087f4         Code  Gb  vreg_util.o [4]
?pop_w6                 0x0087fb         Code  Gb  vreg_util.o [4]
?push_l0                0x00880a         Code  Gb  vreg_util.o [4]
?push_l1                0x00880f         Code  Gb  vreg_util.o [4]
?push_l2                0x008814         Code  Gb  vreg_util.o [4]
?push_l3                0x008819         Code  Gb  vreg_util.o [4]
?push_w4                0x0087d7         Code  Gb  vreg_util.o [4]
?push_w6                0x0087dc         Code  Gb  vreg_util.o [4]
?sll16_x_x_a            0x0098e6         Code  Gb  short.o [4]
?sll8_a_a_b0            0x00981d         Code  Gb  char.o [4]
?sub32_l0_l0_0x         0x008e6b         Code  Gb  long.o [4]
?sub32_l0_l0_l1         0x008e68         Code  Gb  long.o [4]
?ucmp32_c_l0_0x         0x008e83         Code  Gb  long.o [4]
?ucmp32_c_l0_l1         0x008e93         Code  Gb  long.o [4]
?w0                     0x000000         Data  Gb  vregs.o [4]
?w1                     0x000002         Data  Gb  vregs.o [4]
?w2                     0x000004         Data  Gb  vregs.o [4]
?w3                     0x000006         Data  Gb  vregs.o [4]
?w4                     0x000008         Data  Gb  vregs.o [4]
?w5                     0x00000a         Data  Gb  vregs.o [4]
?w6                     0x00000c         Data  Gb  vregs.o [4]
?w7                     0x00000e         Data  Gb  vregs.o [4]
ADC1_IRQHandler         0x0099bc    0x1  Code  Gb  stm8s_it.o [1]
AWU_IRQHandler          0x0099af    0x1  Code  Gb  stm8s_it.o [1]
CLK_ClockSwitchCmd      0x009650   0x16  Code  Gb  stm8s_clk.o [1]
CLK_ClockSwitchConfig   0x0086f4   0xe3  Code  Gb  stm8s_clk.o [1]
CLK_DeInit              0x0092a6   0x36  Code  Gb  stm8s_clk.o [1]
CLK_GetFlagStatus       0x008bf7   0x89  Code  Gb  stm8s_clk.o [1]
CLK_HSECmd              0x00960e   0x16  Code  Gb  stm8s_clk.o [1]
CLK_HSICmd              0x009624   0x16  Code  Gb  stm8s_clk.o [1]
CLK_HSIPrescalerConfig  0x0093f8   0x26  Code  Gb  stm8s_clk.o [1]
CLK_IRQHandler          0x0099b0    0x1  Code  Gb  stm8s_it.o [1]
CLK_LSICmd              0x00963a   0x16  Code  Gb  stm8s_clk.o [1]
CLK_PeripheralClockConfig
                        0x008b6d   0x8a  Code  Gb  stm8s_clk.o [1]
CLK_SYSCLKConfig        0x008e9e   0x57  Code  Gb  stm8s_clk.o [1]
CSTACK$$Base            0x000300          --   Gb  - Linker created -
CSTACK$$Limit           0x000400          --   Gb  - Linker created -
DS1307_GetTime          0x008977   0xb4  Code  Gb  DS1307.o [1]
DS1307_Init             0x009559    0xc  Code  Gb  DS1307.o [1]
DS1307_Read             0x0094d7   0x1e  Code  Gb  DS1307.o [1]
DS1307_SetPM            0x008603   0xf1  Code  Gb  DS1307.o [1]
DS1307_SetTime          0x008d01   0x6d  Code  Gb  DS1307.o [1]
DS1307_Write            0x00954b    0xe  Code  Gb  DS1307.o [1]
EEPROM_EEC_IRQHandler   0x0099bd    0x1  Code  Gb  stm8s_it.o [1]
EXTI_PORTA_IRQHandler   0x0099b1    0x1  Code  Gb  stm8s_it.o [1]
EXTI_PORTB_IRQHandler   0x0099b2    0x1  Code  Gb  stm8s_it.o [1]
EXTI_PORTC_IRQHandler   0x0099b3    0x1  Code  Gb  stm8s_it.o [1]
EXTI_PORTD_IRQHandler   0x0099b4    0x1  Code  Gb  stm8s_it.o [1]
EXTI_PORTE_IRQHandler   0x0099b5    0x1  Code  Gb  stm8s_it.o [1]
GPIO_DeInit             0x009788    0xb  Code  Gb  stm8s_gpio.o [1]
GPIO_Init               0x008a2b   0xb3  Code  Gb  stm8s_gpio.o [1]
GPIO_ReadInputPin       0x009911    0x7  Code  Gb  stm8s_gpio.o [1]
GPIO_WriteHigh          0x00990a    0x7  Code  Gb  stm8s_gpio.o [1]
GPIO_WriteLow           0x00998c    0x4  Code  Gb  stm8s_gpio.o [1]
I2C_IRQHandler          0x0099bb    0x1  Code  Gb  stm8s_it.o [1]
INTVEC$$Base            0x008000          --   Gb  - Linker created -
INTVEC$$Limit           0x008080          --   Gb  - Linker created -
ITC_GetCPUCC            0x009998    0x3  Code  Gb  stm8s_itc.o [1]
ITC_SetSoftwarePriority
                        0x0084ee  0x115  Code  Gb  stm8s_itc.o [1]
Key_Get                 0x008dd6   0x66  Code  Gb  key.o [1]
Key_Init                0x00926d   0x39  Code  Gb  key.o [1]
Key_Process             0x0091ba   0x3e  Code  Gb  key.o [1]
LED_TIM1_CC1_ISR        0x0082f1    0x3  Code  Gb  display.o [1]
LED_TIM1_UPDATE_ISR     0x008265   0x79  Code  Gb  display.o [1]
Region$$Table$$Base     0x009487          --   Gb  - Linker created -
Region$$Table$$Limit    0x009499          --   Gb  - Linker created -
SPI_IRQHandler          0x0099b6    0x1  Code  Gb  stm8s_it.o [1]
SW_I2C_ACK_NACK         0x0094b8   0x1f  Code  Gb  SW_I2C.o [1]
SW_I2C_init             0x009954    0x6  Code  Gb  SW_I2C.o [1]
SW_I2C_read             0x008ef5   0x53  Code  Gb  SW_I2C.o [1]
SW_I2C_start            0x009743    0xc  Code  Gb  SW_I2C.o [1]
SW_I2C_stop             0x00974f    0xc  Code  Gb  SW_I2C.o [1]
SW_I2C_write            0x009377   0x2f  Code  Gb  SW_I2C.o [1]
System_Init             0x009466   0x21  Code  Gb  system.o [1]
System_Manager          0x0082f4  0x1fa  Code  Gb  system.o [1]
TIM1_CAP_COM_IRQHandler
                        0x00952f   0x1c  Code  Gb  stm8s_it.o [1]
TIM1_ClearITPendingBit  0x0095c8   0x18  Code  Gb  stm8s_tim1.o [1]
TIM1_Cmd                0x009666   0x16  Code  Gb  stm8s_tim1.o [1]
TIM1_CtrlPWMOutputs     0x00967c   0x16  Code  Gb  stm8s_tim1.o [1]
TIM1_DeInit             0x008ade   0x8f  Code  Gb  stm8s_tim1.o [1]
TIM1_ITConfig           0x009344   0x33  Code  Gb  stm8s_tim1.o [1]
TIM1_OC1Init            0x0088b5   0xc2  Code  Gb  stm8s_tim1.o [1]
TIM1_SetCompare1        0x009878    0x9  Code  Gb  stm8s_tim1.o [1]
TIM1_TimeBaseInit       0x00912a   0x49  Code  Gb  stm8s_tim1.o [1]
TIM1_UPD_OVF_TRG_BRK_IRQHandler
                        0x009513   0x1c  Code  Gb  stm8s_it.o [1]
TIM2_CAP_COM_IRQHandler
                        0x0099b8    0x1  Code  Gb  stm8s_it.o [1]
TIM2_UPD_OVF_BRK_IRQHandler
                        0x0099b7    0x1  Code  Gb  stm8s_it.o [1]
TIM4_ClearFlag          0x00957e   0x19  Code  Gb  stm8s_tim4.o [1]
TIM4_ClearITPendingBit  0x009597   0x19  Code  Gb  stm8s_tim4.o [1]
TIM4_Cmd                0x009692   0x16  Code  Gb  stm8s_tim4.o [1]
TIM4_DeInit             0x009565   0x19  Code  Gb  stm8s_tim4.o [1]
TIM4_ITConfig           0x0092dc   0x34  Code  Gb  stm8s_tim4.o [1]
TIM4_TimeBaseInit       0x009233   0x3a  Code  Gb  stm8s_tim4.o [1]
TIM4_UPD_OVF_IRQHandler
                        0x0095b0   0x18  Code  Gb  stm8s_it.o [1]
TIMER_CheckTimeMS       0x009173   0x47  Code  Gb  timerTick.o [1]
TIMER_Inc               0x009444   0x22  Code  Gb  timerTick.o [1]
TIMER_Init              0x009310   0x34  Code  Gb  timerTick.o [1]
TIMER_InitTime          0x00975b    0xc  Code  Gb  timerTick.o [1]
TLI_IRQHandler          0x0099ae    0x1  Code  Gb  stm8s_it.o [1]
TRAP_IRQHandler         0x0099ad    0x1  Code  Gb  stm8s_it.o [1]
UART1_RX_IRQHandler     0x0099ba    0x1  Code  Gb  stm8s_it.o [1]
UART1_TX_IRQHandler     0x0099b9    0x1  Code  Gb  stm8s_it.o [1]
__exit                  0x0099a9    0x2  Code  Gb  xxexit.o [3]
__iar_copy_init2        0x0093d0         Code  Gb  init_small.o [4]
__iar_data_init2        0x0095f7   0x17  Code  Gb  init.o [4]
__iar_program_start     0x0096d1         Code  Gb  cstartup.o [4]
__iar_unhandled_exception
                        0x0099a4         Code  Gb  unhandled_exception.o [4]
__iar_zero_init2        0x0094f5         Code  Gb  init_small.o [4]
__intvec                0x008000         Data  Gb  interrupt.o [4]
__low_level_init        0x00999e    0x3  Code  Gb  low_level_init.o [4]
_exit                   0x009983         Code  Gb  cexit.o [4]
_interrupt_1            0x0099ad         Code  Gb  stm8s_it.o [1]
_interrupt_12           0x0099b6         Code  Gb  stm8s_it.o [1]
_interrupt_13           0x009513         Code  Gb  stm8s_it.o [1]
_interrupt_14           0x00952f         Code  Gb  stm8s_it.o [1]
_interrupt_15           0x0099b7         Code  Gb  stm8s_it.o [1]
_interrupt_16           0x0099b8         Code  Gb  stm8s_it.o [1]
_interrupt_19           0x0099b9         Code  Gb  stm8s_it.o [1]
_interrupt_2            0x0099ae         Code  Gb  stm8s_it.o [1]
_interrupt_20           0x0099ba         Code  Gb  stm8s_it.o [1]
_interrupt_21           0x0099bb         Code  Gb  stm8s_it.o [1]
_interrupt_24           0x0099bc         Code  Gb  stm8s_it.o [1]
_interrupt_25           0x0095b0         Code  Gb  stm8s_it.o [1]
_interrupt_26           0x0099bd         Code  Gb  stm8s_it.o [1]
_interrupt_3            0x0099af         Code  Gb  stm8s_it.o [1]
_interrupt_4            0x0099b0         Code  Gb  stm8s_it.o [1]
_interrupt_5            0x0099b1         Code  Gb  stm8s_it.o [1]
_interrupt_6            0x0099b2         Code  Gb  stm8s_it.o [1]
_interrupt_7            0x0099b3         Code  Gb  stm8s_it.o [1]
_interrupt_8            0x0099b4         Code  Gb  stm8s_it.o [1]
_interrupt_9            0x0099b5         Code  Gb  stm8s_it.o [1]
assert_failed           0x0099a7    0x2  Code  Gb  main.o [1]
clock_setup             0x008d6e   0x68  Code  Lc  main.o [1]
code7Seg                0x0097eb    0xa  Data  Gb  display.o [1]
disableLed              0x008186   0x40  Code  Gb  display.o [1]
display                 0x000028   0x13  Data  Gb  display.o [1]
displayInit             0x0080cd   0x7f  Code  Gb  display.o [1]
enableLed               0x008080   0x47  Code  Gb  display.o [1]
exit                    0x0099a1    0x3  Code  Gb  exit.o [4]
key                     0x000012   0x16  Data  Gb  key.o [1]
keyget                  0x00984b    0x9  Code  Gb  key.o [1]
led_clear_digit         0x008256    0xf  Code  Gb  display.o [1]
led_digit_blink         0x00823a    0x4  Code  Gb  display.o [1]
led_on                  0x0081e4   0x3c  Code  Gb  display.o [1]
led_setIntensy          0x008220   0x16  Code  Gb  display.o [1]
led_set_blink           0x008236    0x4  Code  Gb  display.o [1]
led_set_digit           0x00823e   0x18  Code  Gb  display.o [1]
main                    0x008c80   0x81  Code  Gb  main.o [1]
memset                  0x0095e0   0x17  Code  Gb  memset.o [4]
shiftOut595             0x0091f8   0x3b  Code  Gb  display.o [1]
sys                     0x00003b   0x13  Data  Gb  system.o [1]
system_ring             0x0090db   0x4f  Code  Gb  system.o [1]
tick                    0x00005c    0x6  Data  Gb  main.o [1]
timeTickMs              0x000062    0x4  Data  Gb  timerTick.o [1]
timeTickUs              0x000069    0x1  Data  Gb  timerTick.o [1]
timenow                 0x00004e    0x7  Data  Gb  main.o [1]
timeset                 0x000055    0x7  Data  Gb  system.o [1]


[1] = C:\Users\DVRD01\Desktop\RTC_FW\IDE\Release\Obj
[2] = command line
[3] = dbgstm8smn.a
[4] = dlstm8smn.a

  6 029 bytes of readonly  code memory
    561 bytes of readonly  data memory
    362 bytes of readwrite data memory

Errors: none
Warnings: none
