ASxxxx Linker V03.00 + NoICE + sdld,  page 1.
Hexadecimal  [32-Bits]

Area                                    Addr        Size        Decimal Bytes (Attributes)
--------------------------------        ----        ----        ------- ----- ------------
.  .ABS.                            00000000    00000000 =           0. bytes (ABS,CON)

      Value  Global                              Global Defined In Module
      -----  --------------------------------   ------------------------
     00000000  .__.ABS.                           _memset
     00000000  l_CABS                          
     00000000  l_DABS                          
     00000000  l_INITIALIZED                   
     00000000  l_INITIALIZER                   
     00000000  l__CODE                         
     00000000  s_CABS                          
     00000000  s_DABS                          
     00000000  s__CODE                         
     00000001  l_SSEG                          
     00000001  s_DATA                          
     00000003  l_GSFINAL                       
     0000001A  l_GSINIT                        
     0000001F  l_DATA                          
     00000020  s_INITIALIZED                   
     00000083  l_HOME                          
     00000A26  l_CODE                          
     00008000  s_HOME                          
     00008083  s_GSINIT                        
     0000809D  s_GSFINAL                       
     000080A0  s_CODE                          
     00008AC6  s_INITIALIZER                   
     00008AC6  s_SSEG                          

ASxxxx Linker V03.00 + NoICE + sdld,  page 2.
Hexadecimal  [32-Bits]

Area                                    Addr        Size        Decimal Bytes (Attributes)
--------------------------------        ----        ----        ------- ----- ------------
DATA                                00000001    0000001F =          31. bytes (REL,CON)

      Value  Global                              Global Defined In Module
      -----  --------------------------------   ------------------------
     00000001  _display                           display
     00000011  _tick                              main
     00000017  _timeGet                           timerTick
     00000019  _timeBack                          timerTick
     0000001B  _timeTickMs                        timerTick
     0000001F  _timeTickUs                        timerTick
ASxxxx Linker V03.00 + NoICE + sdld,  page 3.
Hexadecimal  [32-Bits]

Area                                    Addr        Size        Decimal Bytes (Attributes)
--------------------------------        ----        ----        ------- ----- ------------
HOME                                00008000    00000083 =         131. bytes (REL,CON)

      Value  Global                              Global Defined In Module
      -----  --------------------------------   ------------------------
ASxxxx Linker V03.00 + NoICE + sdld,  page 4.
Hexadecimal  [32-Bits]

Area                                    Addr        Size        Decimal Bytes (Attributes)
--------------------------------        ----        ----        ------- ----- ------------
GSINIT                              00008083    0000001A =          26. bytes (REL,CON)

      Value  Global                              Global Defined In Module
      -----  --------------------------------   ------------------------
ASxxxx Linker V03.00 + NoICE + sdld,  page 5.
Hexadecimal  [32-Bits]

Area                                    Addr        Size        Decimal Bytes (Attributes)
--------------------------------        ----        ----        ------- ----- ------------
GSFINAL                             0000809D    00000003 =           3. bytes (REL,CON)

      Value  Global                              Global Defined In Module
      -----  --------------------------------   ------------------------
ASxxxx Linker V03.00 + NoICE + sdld,  page 6.
Hexadecimal  [32-Bits]

Area                                    Addr        Size        Decimal Bytes (Attributes)
--------------------------------        ----        ----        ------- ----- ------------
CODE                                000080A0    00000A26 =        2598. bytes (REL,CON)

      Value  Global                              Global Defined In Module
      -----  --------------------------------   ------------------------
     000080AC  _displayInit                       display
     000081AD  _shiftOut595                       display
     0000820C  _latch595                          display
     0000823B  _clear595                          display
     0000826A  _writeBuffer                       display
     00008282  _onLed                             display
     000082F2  _offLed                            display
     00008362  _screen                            display
     0000838E  _display_test                      display
     00008493  _code7Seg                          display
     0000849D  _delay                             main
     000084A9  _TIM4_UPD_OVF_IRQHandler           main
     000084B7  _IWDG_Config                       main
     000084CF  _main                              main
     00008507  _GPIO_setup                        main
     00008515  _TIMER_Init                        timerTick
     00008548  _TIMER_Inc                         timerTick
     00008574  _TIMER_InitTime                    timerTick
     00008584  _TIMER_CheckTimeUS                 timerTick
     000085CB  _TIMER_CheckTimeMS                 timerTick
     00008641  _CLK_Config                        stm8s_clk
     00008692  _CLK_PeripheralClockConfig         stm8s_clk
     000086E8  _CLK_SYSCLKConfig                  stm8s_clk
     0000871F  _CLK_GetClockFreq                  stm8s_clk
     00008778  _HSIDivFactor                      stm8s_clk
     0000877C  _GPIO_Init                         stm8s_gpio
     0000880A  _GPIO_Write                        stm8s_gpio
     00008810  _GPIO_WriteHigh                    stm8s_gpio
     00008817  _GPIO_WriteLow                     stm8s_gpio
     00008825  _GPIO_WriteReverse                 stm8s_gpio
     0000882C  _GPIO_ReadOutputData               stm8s_gpio
     00008830  _GPIO_ReadInputData                stm8s_gpio
     00008835  _GPIO_ReadInputPin                 stm8s_gpio
     0000883C  _GPIO_ExternalPullUpConfig         stm8s_gpio
     00008857  _IWDG_WriteAccessCmd               stm8s_iwdg
     0000885E  _IWDG_SetPrescaler                 stm8s_iwdg
     00008865  _IWDG_SetReload                    stm8s_iwdg
     0000886C  _IWDG_ReloadCounter                stm8s_iwdg
     00008871  _IWDG_Enable                       stm8s_iwdg
     00008876  _SPI_DeInit                        stm8s_spi
     0000888B  _SPI_Init                          stm8s_spi
     000088C6  _SPI_Cmd                           stm8s_spi
     000088DA  _SPI_ITConfig                      stm8s_spi
     00008910  _SPI_SendData                      stm8s_spi
     00008917  _SPI_ReceiveData                   stm8s_spi
     0000891C  _SPI_NSSInternalSoftwareCmd        stm8s_spi
     0000892A  _SPI_TransmitCRC                   stm8s_spi
     00008932  _SPI_CalculateCRCCmd               stm8s_spi
     00008946  _SPI_GetCRC                        stm8s_spi
     00008954  _SPI_ResetCRC                      stm8s_spi
ASxxxx Linker V03.00 + NoICE + sdld,  page 7.
Hexadecimal  [32-Bits]

Area                                    Addr        Size        Decimal Bytes (Attributes)
--------------------------------        ----        ----        ------- ----- ------------
CODE                                000080A0    00000A26 =        2598. bytes (REL,CON)

      Value  Global                              Global Defined In Module
      -----  --------------------------------   ------------------------
     00008961  _SPI_GetCRCPolynomial              stm8s_spi
     00008966  _SPI_BiDirectionalLineConfig       stm8s_spi
     0000897A  _SPI_GetFlagStatus                 stm8s_spi
     00008988  _SPI_ClearFlag                     stm8s_spi
     00008990  _SPI_GetITStatus                   stm8s_spi
     000089D7  _SPI_ClearITPendingBit             stm8s_spi
     000089F2  _TIM4_DeInit                       stm8s_tim4
     00008A0B  _TIM4_TimeBaseInit                 stm8s_tim4
     00008A18  _TIM4_Cmd                          stm8s_tim4
     00008A1D  _TIM4_ITConfig                     stm8s_tim4
     00008A28  _TIM4_GetCounter                   stm8s_tim4
     00008A2D  _TIM4_GetFlagStatus                stm8s_tim4
     00008A3B  _TIM4_ClearFlag                    stm8s_tim4
     00008A43  _TIM4_ClearITPendingBit            stm8s_tim4
     00008A4B  __divulong                         
     00008AA5  _memset                            _memset
ASxxxx Linker V03.00 + NoICE + sdld,  page 8.
Hexadecimal  [32-Bits]

Area                                    Addr        Size        Decimal Bytes (Attributes)
--------------------------------        ----        ----        ------- ----- ------------
SSEG                                00008AC6    00000001 =           1. bytes (REL,CON)

      Value  Global                              Global Defined In Module
      -----  --------------------------------   ------------------------
ASxxxx Linker V03.00 + NoICE + sdld,  page 9.

Files Linked                              [ module(s) ]

build/user/display.rel                    [ display ]
build/user/main.rel                       [ main ]
build/user/timerTick.rel                  [ timerTick ]
build/lib/stm8s_clk.rel                   [ stm8s_clk ]
build/lib/stm8s_gpio.rel                  [ stm8s_gpio ]
build/lib/stm8s_iwdg.rel                  [ stm8s_iwdg ]
build/lib/stm8s_spi.rel                   [ stm8s_spi ]
build/lib/stm8s_tim4.rel                  [ stm8s_tim4 ]


Libraries Linked                          [ object file ]

/usr/local/bin/../share/sdcc/lib/stm8/stm8.lib
                                          [ _divulong.rel ]
/usr/local/bin/../share/sdcc/lib/stm8/stm8.lib
                                          [ _memset.rel ]

ASxxxx Linker V03.00 + NoICE + sdld,  page 10.

User Base Address Definitions

HOME = 0x8000
DATA = 0x0001

